---------------------------- PROCESS STARTED (9313) for package com.wboelens.polarrecorder ----------------------------
2025-11-17 07:35:37.643  9313-9313  nativeloader            com.wboelens.polarrecorder           D  Load libframework-connectivity-tiramisu-jni.so using APEX ns com_android_tethering for caller /apex/com.android.tethering/javalib/framework-connectivity-t.jar: ok
2025-11-17 07:35:37.659  9313-9313  nativeloader            com.wboelens.polarrecorder           D  Load /data/user/0/com.wboelens.polarrecorder/code_cache/startup_agents/65318d08-agent.so using system ns (caller=<unknown>): ok
2025-11-17 07:35:37.664  9313-9313  s.polarrecorder         com.wboelens.polarrecorder           W  hiddenapi: DexFile /data/data/com.wboelens.polarrecorder/code_cache/.studio/instruments-873176f2.jar is in boot class path but is not in a known location
2025-11-17 07:35:37.772  9313-9313  s.polarrecorder         com.wboelens.polarrecorder           W  Redefining intrinsic method java.lang.Thread java.lang.Thread.currentThread(). This may cause the unexpected use of the original definition of java.lang.Thread java.lang.Thread.currentThread()in methods that have already been compiled.
2025-11-17 07:35:37.772  9313-9313  s.polarrecorder         com.wboelens.polarrecorder           W  Redefining intrinsic method boolean java.lang.Thread.interrupted(). This may cause the unexpected use of the original definition of boolean java.lang.Thread.interrupted()in methods that have already been compiled.
2025-11-17 07:35:37.785  9313-9313  ApplicationLoaders      com.wboelens.polarrecorder           D  Returning zygote-cached class loader: /system_ext/framework/androidx.window.extensions.jar
2025-11-17 07:35:37.785  9313-9313  ApplicationLoaders      com.wboelens.polarrecorder           D  Returning zygote-cached class loader: /system_ext/framework/androidx.window.sidecar.jar
2025-11-17 07:35:38.183  9313-9313  nativeloader            com.wboelens.polarrecorder           D  Configuring clns-9 for other apk /data/app/~~-N1N2xVhPnsg7yKIei4oOg==/com.wboelens.polarrecorder-f7e8RmHLmlqk1OBDCY433g==/base.apk. target_sdk_version=35, uses_libraries=, library_path=/data/app/~~-N1N2xVhPnsg7yKIei4oOg==/com.wboelens.polarrecorder-f7e8RmHLmlqk1OBDCY433g==/lib/arm64:/data/app/~~-N1N2xVhPnsg7yKIei4oOg==/com.wboelens.polarrecorder-f7e8RmHLmlqk1OBDCY433g==/base.apk!/lib/arm64-v8a, permitted_path=/data:/mnt/expand:/data/user/0/com.wboelens.polarrecorder
2025-11-17 07:35:38.185  9313-9313  CompatChangeReporter    com.wboelens.polarrecorder           D  Compat change id reported: 202956589; UID 10442; state: ENABLED
2025-11-17 07:35:38.190  9313-9313  GraphicsEnvironment     com.wboelens.polarrecorder           V  Currently set values for:
2025-11-17 07:35:38.190  9313-9313  GraphicsEnvironment     com.wboelens.polarrecorder           V    angle_gl_driver_selection_pkgs=[com.android.angle, com.google.android.apps.tachyon]
2025-11-17 07:35:38.190  9313-9313  GraphicsEnvironment     com.wboelens.polarrecorder           V    angle_gl_driver_selection_values=[angle, native]
2025-11-17 07:35:38.190  9313-9313  GraphicsEnvironment     com.wboelens.polarrecorder           V  com.wboelens.polarrecorder is not listed in per-application setting
2025-11-17 07:35:38.190  9313-9313  GraphicsEnvironment     com.wboelens.polarrecorder           V  ANGLE allowlist from config:
2025-11-17 07:35:38.190  9313-9313  GraphicsEnvironment     com.wboelens.polarrecorder           V  com.wboelens.polarrecorder is not listed in ANGLE allowlist or settings, returning default
2025-11-17 07:35:38.190  9313-9313  GraphicsEnvironment     com.wboelens.polarrecorder           V  Neither updatable production driver nor prerelease driver is supported.
2025-11-17 07:35:38.204  9313-9313  CompatChangeReporter    com.wboelens.polarrecorder           D  Compat change id reported: 279646685; UID 10442; state: ENABLED
2025-11-17 07:35:38.207  9313-9313  PolarRecorderApp        com.wboelens.polarrecorder           D  Application onCreate - initializing shared managers
2025-11-17 07:35:38.230  9313-9313  LogViewModel            com.wboelens.polarrecorder           D  File system recording enabled at: content://com.android.externalstorage.documents/tree/primary%3Apolar/document/primary%3Apolar
2025-11-17 07:35:38.230  9313-9313  LogViewModel            com.wboelens.polarrecorder           D  Spotify tracking enabled
2025-11-17 07:35:38.267  9313-9313  PolarManager            com.wboelens.polarrecorder           D  BLE power: true
2025-11-17 07:35:38.268  9313-9313  PolarRecorderApp        com.wboelens.polarrecorder           D  Shared managers initialized successfully
2025-11-17 07:35:38.277  9313-9373  DisplayManager          com.wboelens.polarrecorder           I  Choreographer implicitly registered for the refresh rate.
2025-11-17 07:35:38.278  9313-9373  vulkan                  com.wboelens.polarrecorder           D  searching for layers in '/data/app/~~-N1N2xVhPnsg7yKIei4oOg==/com.wboelens.polarrecorder-f7e8RmHLmlqk1OBDCY433g==/lib/arm64'
2025-11-17 07:35:38.278  9313-9373  vulkan                  com.wboelens.polarrecorder           D  searching for layers in '/data/app/~~-N1N2xVhPnsg7yKIei4oOg==/com.wboelens.polarrecorder-f7e8RmHLmlqk1OBDCY433g==/base.apk!/lib/arm64-v8a'
2025-11-17 07:35:38.299  9313-9313  ashmem                  com.wboelens.polarrecorder           E  Pinning is deprecated since Android Q. Please use trim or other methods.
2025-11-17 07:35:38.303  9313-9313  PolarManager            com.wboelens.polarrecorder           D  onCreate: Initializing MainActivity
2025-11-17 07:35:38.314  9313-9313  CompatChangeReporter    com.wboelens.polarrecorder           D  Compat change id reported: 309578419; UID 10442; state: ENABLED
2025-11-17 07:35:38.315  9313-9313  DesktopExperienceFlags  com.wboelens.polarrecorder           D  Toggle override initialized to: false
2025-11-17 07:35:38.315  9313-9313  DesktopModeFlags        com.wboelens.polarrecorder           D  Toggle override initialized to: OVERRIDE_UNSET
2025-11-17 07:35:38.323  9313-9313  PolarManager            com.wboelens.polarrecorder           D  ========== onStart CALLED ==========
2025-11-17 07:35:38.323  9313-9313  PolarManager            com.wboelens.polarrecorder           D  onStart - Activity started
2025-11-17 07:35:38.323  9313-9313  PolarManager            com.wboelens.polarrecorder           D  onStart - spotifyAppRemote: NULL
2025-11-17 07:35:38.323  9313-9313  PolarManager            com.wboelens.polarrecorder           D  onStart - isConnectingToSpotify: false
2025-11-17 07:35:38.323  9313-9313  PolarManager            com.wboelens.polarrecorder           D  onStart - Conditions met, calling connectToSpotify()
2025-11-17 07:35:38.323  9313-9313  PolarManager            com.wboelens.polarrecorder           D  ========== connectToSpotify CALLED ==========
2025-11-17 07:35:38.324  9313-9313  PolarManager            com.wboelens.polarrecorder           D  ✓ Spotify app is installed
2025-11-17 07:35:38.324  9313-9313  PolarManager            com.wboelens.polarrecorder           D  Setting isConnectingToSpotify = true
2025-11-17 07:35:38.324  9313-9313  PolarManager            com.wboelens.polarrecorder           D  showAuthView = false (spotifyAuthorized = true)
2025-11-17 07:35:38.325  9313-9313  PolarManager            com.wboelens.polarrecorder           D  Calling SpotifyAppRemote.connect() with showAuthView=false...
2025-11-17 07:35:38.332  9313-9313  PolarManager            com.wboelens.polarrecorder           D  =============================================
2025-11-17 07:35:38.332  9313-9313  PolarManager            com.wboelens.polarrecorder           D  ====================================
2025-11-17 07:35:38.333  9313-9313  ContentCaptureHelper    com.wboelens.polarrecorder           I  Setting logging level to OFF
2025-11-17 07:35:38.342  9313-9313  CompatChangeReporter    com.wboelens.polarrecorder           D  Compat change id reported: 352594277; UID 10442; state: ENABLED
2025-11-17 07:35:38.348  9313-9313  CompatChangeReporter    com.wboelens.polarrecorder           D  Compat change id reported: 349153669; UID 10442; state: ENABLED
2025-11-17 07:35:38.357  9313-9313  SpotifyMonitorService   com.wboelens.polarrecorder           D  Service created
2025-11-17 07:35:38.366  9313-9313  SpotifyMonitorService   com.wboelens.polarrecorder           D  Service started
2025-11-17 07:35:38.368  9313-9313  SurveyNoti...ionService com.wboelens.polarrecorder           D  Service created
2025-11-17 07:35:38.376  9313-9313  SurveyNoti...ionService com.wboelens.polarrecorder           D  Service started
2025-11-17 07:35:38.377  9313-9313  WindowOnBackDispatcher  com.wboelens.polarrecorder           D  setTopOnBackInvokedCallback (unwrapped): android.app.Activity$$ExternalSyntheticLambda0@cc66696
2025-11-17 07:35:38.631  9313-9329  s.polarrecorder         com.wboelens.polarrecorder           I  Compiler allocated 4970KB to compile void android.view.ViewRootImpl.performTraversals()
2025-11-17 07:35:38.638  9313-9313  HWUI                    com.wboelens.polarrecorder           I  Using FreeType backend (prop=Auto)
2025-11-17 07:35:38.645  2221-2221  StackScroll             com.android.systemui                 E  Heads up view appearing 0|com.wboelens.polarrecorder|2001|null|10442 for ANIMATION_TYPE_ADD
2025-11-17 07:35:38.749  9313-9380  s.polarrecorder         com.wboelens.polarrecorder           W  Unable to resolve Lcom/spotify/protocol/types/HelloDetails; annotation class 27
2025-11-17 07:35:38.750  9313-9380  s.polarrecorder         com.wboelens.polarrecorder           W  Unable to resolve Lcom/spotify/protocol/types/HelloDetails; annotation class 30
2025-11-17 07:35:38.750  9313-9380  s.polarrecorder         com.wboelens.polarrecorder           W  Unable to resolve Lcom/spotify/protocol/types/HelloDetails; annotation class 30
2025-11-17 07:35:38.751  9313-9313  PolarManager            com.wboelens.polarrecorder           D  Necessary permissions for scanning granted
2025-11-17 07:35:38.753  9313-9380  s.polarrecorder         com.wboelens.polarrecorder           W  Unable to resolve Lcom/spotify/protocol/types/HelloDetails; annotation class 30
2025-11-17 07:35:38.754  9313-9407  PolarManager            com.wboelens.polarrecorder           D  Starting scan
2025-11-17 07:35:38.754  9313-9380  s.polarrecorder         com.wboelens.polarrecorder           W  Unable to resolve Lcom/spotify/protocol/types/HelloDetails; annotation class 30
2025-11-17 07:35:38.755  9313-9380  s.polarrecorder         com.wboelens.polarrecorder           W  Unable to resolve Lcom/spotify/protocol/types/HelloDetails; annotation class 30
2025-11-17 07:35:38.756  9313-9380  s.polarrecorder         com.wboelens.polarrecorder           W  Unable to resolve Lcom/spotify/protocol/types/HelloDetails; annotation class 30
2025-11-17 07:35:38.756  9313-9380  s.polarrecorder         com.wboelens.polarrecorder           W  Unable to resolve Lcom/spotify/protocol/types/HelloDetails; annotation class 30
2025-11-17 07:35:38.757  9313-9380  s.polarrecorder         com.wboelens.polarrecorder           W  Unable to resolve Lcom/spotify/protocol/types/HelloDetails; annotation class 30
2025-11-17 07:35:38.757  9313-9380  s.polarrecorder         com.wboelens.polarrecorder           W  Unable to resolve Lcom/spotify/protocol/types/Info; annotation class 27
2025-11-17 07:35:38.758  9313-9380  s.polarrecorder         com.wboelens.polarrecorder           W  Unable to resolve Lcom/spotify/protocol/types/Info; annotation class 30
2025-11-17 07:35:38.758  9313-9380  s.polarrecorder         com.wboelens.polarrecorder           W  Unable to resolve Lcom/spotify/protocol/types/Info; annotation class 30
2025-11-17 07:35:38.758  9313-9380  s.polarrecorder         com.wboelens.polarrecorder           W  Unable to resolve Lcom/spotify/protocol/types/Info; annotation class 30
2025-11-17 07:35:38.759  9313-9380  s.polarrecorder         com.wboelens.polarrecorder           W  Unable to resolve Lcom/spotify/protocol/types/Info; annotation class 30
2025-11-17 07:35:38.760  9313-9313  Choreographer           com.wboelens.polarrecorder           I  Skipped 44 frames!  The application may be doing too much work on its main thread.
2025-11-17 07:35:38.760  9313-9380  s.polarrecorder         com.wboelens.polarrecorder           W  Unable to resolve Lcom/spotify/protocol/types/Info; annotation class 30
2025-11-17 07:35:38.761  9313-9380  s.polarrecorder         com.wboelens.polarrecorder           W  Unable to resolve Lcom/spotify/protocol/types/Info; annotation class 30
2025-11-17 07:35:38.762  9313-9380  s.polarrecorder         com.wboelens.polarrecorder           W  Unable to resolve Lcom/spotify/protocol/types/Info; annotation class 30
2025-11-17 07:35:38.762  9313-9380  s.polarrecorder         com.wboelens.polarrecorder           W  Unable to resolve Lcom/spotify/protocol/types/Info; annotation class 30
2025-11-17 07:35:38.763  9313-9380  s.polarrecorder         com.wboelens.polarrecorder           W  Unable to resolve Lcom/spotify/protocol/types/Info; annotation class 30
2025-11-17 07:35:38.764  9313-9380  s.polarrecorder         com.wboelens.polarrecorder           W  Unable to resolve Lcom/spotify/protocol/types/Info; annotation class 30
2025-11-17 07:35:38.764  9313-9380  s.polarrecorder         com.wboelens.polarrecorder           W  Unable to resolve Lcom/spotify/protocol/types/Info; annotation class 30
2025-11-17 07:35:38.764  9313-9380  s.polarrecorder         com.wboelens.polarrecorder           W  Unable to resolve Lcom/spotify/protocol/types/Info; annotation class 30
2025-11-17 07:35:38.765  9313-9380  s.polarrecorder         com.wboelens.polarrecorder           W  Unable to resolve Lcom/spotify/protocol/types/Info; annotation class 30
2025-11-17 07:35:38.765  9313-9380  s.polarrecorder         com.wboelens.polarrecorder           W  Unable to resolve Lcom/spotify/protocol/types/Info; annotation class 30
2025-11-17 07:35:38.766  9313-9380  s.polarrecorder         com.wboelens.polarrecorder           W  Unable to resolve Lcom/spotify/protocol/types/Info; annotation class 30
2025-11-17 07:35:38.766  9313-9380  s.polarrecorder         com.wboelens.polarrecorder           W  Unable to resolve Lcom/spotify/protocol/types/Info; annotation class 30
2025-11-17 07:35:38.767  9313-9380  s.polarrecorder         com.wboelens.polarrecorder           W  Unable to resolve Lcom/spotify/protocol/types/Info; annotation class 30
2025-11-17 07:35:38.767  9313-9380  s.polarrecorder         com.wboelens.polarrecorder           W  Unable to resolve Lcom/spotify/protocol/types/Info; annotation class 30
2025-11-17 07:35:38.767  9313-9380  s.polarrecorder         com.wboelens.polarrecorder           W  Unable to resolve Lcom/spotify/protocol/types/Info; annotation class 30
2025-11-17 07:35:38.768  9313-9380  s.polarrecorder         com.wboelens.polarrecorder           W  Unable to resolve Lcom/spotify/protocol/types/Info; annotation class 30
2025-11-17 07:35:38.769  9313-9380  s.polarrecorder         com.wboelens.polarrecorder           W  Unable to resolve Lcom/spotify/protocol/types/Info; annotation class 30
2025-11-17 07:35:38.770  9313-9380  s.polarrecorder         com.wboelens.polarrecorder           W  Unable to resolve Lcom/spotify/protocol/types/Info; annotation class 30
2025-11-17 07:35:38.771  9313-9407  BluetoothAdapter        com.wboelens.polarrecorder           D  isLeEnabled(): ON
2025-11-17 07:35:38.772  9313-9380  s.polarrecorder         com.wboelens.polarrecorder           W  Unable to resolve Lcom/spotify/protocol/types/Info; annotation class 30
2025-11-17 07:35:38.772  9313-9380  s.polarrecorder         com.wboelens.polarrecorder           W  Unable to resolve Lcom/spotify/protocol/types/Info; annotation class 30
2025-11-17 07:35:38.773  9313-9380  s.polarrecorder         com.wboelens.polarrecorder           W  Unable to resolve Lcom/spotify/protocol/types/HelloDetails; annotation class 30
2025-11-17 07:35:38.773  9313-9380  s.polarrecorder         com.wboelens.polarrecorder           W  Unable to resolve Lcom/spotify/protocol/types/HelloDetails; annotation class 30
2025-11-17 07:35:38.774  9313-9380  s.polarrecorder         com.wboelens.polarrecorder           W  Unable to resolve Lcom/spotify/protocol/types/Roles; annotation class 27
2025-11-17 07:35:38.774  9313-9337  BluetoothLeScanner      com.wboelens.polarrecorder           D  onScannerRegistered() - status=0 scannerId=4 mScannerId=0
2025-11-17 07:35:38.774  9313-9380  s.polarrecorder         com.wboelens.polarrecorder           W  Unable to resolve Lcom/spotify/protocol/types/Roles; annotation class 30
2025-11-17 07:35:38.775  9313-9380  s.polarrecorder         com.wboelens.polarrecorder           W  Unable to resolve Lcom/spotify/protocol/types/Roles; annotation class 30
2025-11-17 07:35:38.776  9313-9380  s.polarrecorder         com.wboelens.polarrecorder           W  Unable to resolve Lcom/spotify/protocol/types/Roles; annotation class 30
2025-11-17 07:35:38.777  9313-9380  s.polarrecorder         com.wboelens.polarrecorder           W  Unable to resolve Lcom/spotify/protocol/types/Roles; annotation class 30
2025-11-17 07:35:38.779  9313-9380  s.polarrecorder         com.wboelens.polarrecorder           W  Unable to resolve Lcom/spotify/protocol/types/Roles; annotation class 30
2025-11-17 07:35:38.779  9313-9380  s.polarrecorder         com.wboelens.polarrecorder           W  Unable to resolve Lcom/spotify/protocol/types/Roles; annotation class 30
2025-11-17 07:35:38.780  9313-9380  s.polarrecorder         com.wboelens.polarrecorder           W  Unable to resolve Lcom/spotify/protocol/types/Roles; annotation class 30
2025-11-17 07:35:38.781  9313-9380  s.polarrecorder         com.wboelens.polarrecorder           W  Unable to resolve Lcom/spotify/protocol/types/Roles; annotation class 30
2025-11-17 07:35:38.817  9313-9387  s.polarrecorder         com.wboelens.polarrecorder           W  Unable to resolve Lcom/spotify/protocol/types/HelloDetails; annotation class 27
2025-11-17 07:35:38.817  9313-9387  s.polarrecorder         com.wboelens.polarrecorder           W  Unable to resolve Lcom/spotify/protocol/types/HelloDetails; annotation class 30
2025-11-17 07:35:38.820  9313-9387  s.polarrecorder         com.wboelens.polarrecorder           W  Unable to resolve Lcom/spotify/protocol/types/HelloDetails; annotation class 30
2025-11-17 07:35:38.820  9313-9387  s.polarrecorder         com.wboelens.polarrecorder           W  Unable to resolve Lcom/spotify/protocol/types/HelloDetails; annotation class 30
2025-11-17 07:35:38.820  9313-9387  s.polarrecorder         com.wboelens.polarrecorder           W  Unable to resolve Lcom/spotify/protocol/types/HelloDetails; annotation class 30
2025-11-17 07:35:38.821  9313-9387  s.polarrecorder         com.wboelens.polarrecorder           W  Unable to resolve Lcom/spotify/protocol/types/HelloDetails; annotation class 30
2025-11-17 07:35:38.821  9313-9387  s.polarrecorder         com.wboelens.polarrecorder           W  Unable to resolve Lcom/spotify/protocol/types/HelloDetails; annotation class 30
2025-11-17 07:35:38.822  9313-9387  s.polarrecorder         com.wboelens.polarrecorder           W  Unable to resolve Lcom/spotify/protocol/types/HelloDetails; annotation class 30
2025-11-17 07:35:38.822  9313-9387  s.polarrecorder         com.wboelens.polarrecorder           W  Unable to resolve Lcom/spotify/protocol/types/HelloDetails; annotation class 30
2025-11-17 07:35:38.822  9313-9387  s.polarrecorder         com.wboelens.polarrecorder           W  Unable to resolve Lcom/spotify/protocol/types/Info; annotation class 27
2025-11-17 07:35:38.823  9313-9387  s.polarrecorder         com.wboelens.polarrecorder           W  Unable to resolve Lcom/spotify/protocol/types/Info; annotation class 30
2025-11-17 07:35:38.823  9313-9387  s.polarrecorder         com.wboelens.polarrecorder           W  Unable to resolve Lcom/spotify/protocol/types/Info; annotation class 30
2025-11-17 07:35:38.823  9313-9387  s.polarrecorder         com.wboelens.polarrecorder           W  Unable to resolve Lcom/spotify/protocol/types/Info; annotation class 30
2025-11-17 07:35:38.824  9313-9387  s.polarrecorder         com.wboelens.polarrecorder           W  Unable to resolve Lcom/spotify/protocol/types/Info; annotation class 30
2025-11-17 07:35:38.824  9313-9387  s.polarrecorder         com.wboelens.polarrecorder           W  Unable to resolve Lcom/spotify/protocol/types/Info; annotation class 30
2025-11-17 07:35:38.824  9313-9387  s.polarrecorder         com.wboelens.polarrecorder           W  Unable to resolve Lcom/spotify/protocol/types/Info; annotation class 30
2025-11-17 07:35:38.824  9313-9387  s.polarrecorder         com.wboelens.polarrecorder           W  Unable to resolve Lcom/spotify/protocol/types/Info; annotation class 30
2025-11-17 07:35:38.825  9313-9387  s.polarrecorder         com.wboelens.polarrecorder           W  Unable to resolve Lcom/spotify/protocol/types/Info; annotation class 30
2025-11-17 07:35:38.825  9313-9387  s.polarrecorder         com.wboelens.polarrecorder           W  Unable to resolve Lcom/spotify/protocol/types/Info; annotation class 30
2025-11-17 07:35:38.825  9313-9387  s.polarrecorder         com.wboelens.polarrecorder           W  Unable to resolve Lcom/spotify/protocol/types/Info; annotation class 30
2025-11-17 07:35:38.825  9313-9387  s.polarrecorder         com.wboelens.polarrecorder           W  Unable to resolve Lcom/spotify/protocol/types/Info; annotation class 30
2025-11-17 07:35:38.825  9313-9387  s.polarrecorder         com.wboelens.polarrecorder           W  Unable to resolve Lcom/spotify/protocol/types/Info; annotation class 30
2025-11-17 07:35:38.825  9313-9387  s.polarrecorder         com.wboelens.polarrecorder           W  Unable to resolve Lcom/spotify/protocol/types/Info; annotation class 30
2025-11-17 07:35:38.827  9313-9387  s.polarrecorder         com.wboelens.polarrecorder           W  Unable to resolve Lcom/spotify/protocol/types/Info; annotation class 30
2025-11-17 07:35:38.828  9313-9387  s.polarrecorder         com.wboelens.polarrecorder           W  Unable to resolve Lcom/spotify/protocol/types/Info; annotation class 30
2025-11-17 07:35:38.829  9313-9387  s.polarrecorder         com.wboelens.polarrecorder           W  Unable to resolve Lcom/spotify/protocol/types/Info; annotation class 30
2025-11-17 07:35:38.830  9313-9387  s.polarrecorder         com.wboelens.polarrecorder           W  Unable to resolve Lcom/spotify/protocol/types/Info; annotation class 30
2025-11-17 07:35:38.830  9313-9387  s.polarrecorder         com.wboelens.polarrecorder           W  Unable to resolve Lcom/spotify/protocol/types/Info; annotation class 30
2025-11-17 07:35:38.830  9313-9387  s.polarrecorder         com.wboelens.polarrecorder           W  Unable to resolve Lcom/spotify/protocol/types/Info; annotation class 30
2025-11-17 07:35:38.830  9313-9387  s.polarrecorder         com.wboelens.polarrecorder           W  Unable to resolve Lcom/spotify/protocol/types/Info; annotation class 30
2025-11-17 07:35:38.830  9313-9387  s.polarrecorder         com.wboelens.polarrecorder           W  Unable to resolve Lcom/spotify/protocol/types/Info; annotation class 30
2025-11-17 07:35:38.831  9313-9387  s.polarrecorder         com.wboelens.polarrecorder           W  Unable to resolve Lcom/spotify/protocol/types/Info; annotation class 30
2025-11-17 07:35:38.831  9313-9387  s.polarrecorder         com.wboelens.polarrecorder           W  Unable to resolve Lcom/spotify/protocol/types/Info; annotation class 30
2025-11-17 07:35:38.831  9313-9387  s.polarrecorder         com.wboelens.polarrecorder           W  Unable to resolve Lcom/spotify/protocol/types/Info; annotation class 30
2025-11-17 07:35:38.832  9313-9387  s.polarrecorder         com.wboelens.polarrecorder           W  Unable to resolve Lcom/spotify/protocol/types/HelloDetails; annotation class 30
2025-11-17 07:35:38.832  9313-9387  s.polarrecorder         com.wboelens.polarrecorder           W  Unable to resolve Lcom/spotify/protocol/types/HelloDetails; annotation class 30
2025-11-17 07:35:38.832  9313-9387  s.polarrecorder         com.wboelens.polarrecorder           W  Unable to resolve Lcom/spotify/protocol/types/Roles; annotation class 27
2025-11-17 07:35:38.832  9313-9387  s.polarrecorder         com.wboelens.polarrecorder           W  Unable to resolve Lcom/spotify/protocol/types/Roles; annotation class 30
2025-11-17 07:35:38.832  9313-9387  s.polarrecorder         com.wboelens.polarrecorder           W  Unable to resolve Lcom/spotify/protocol/types/Roles; annotation class 30
2025-11-17 07:35:38.833  9313-9387  s.polarrecorder         com.wboelens.polarrecorder           W  Unable to resolve Lcom/spotify/protocol/types/Roles; annotation class 30
2025-11-17 07:35:38.833  9313-9387  s.polarrecorder         com.wboelens.polarrecorder           W  Unable to resolve Lcom/spotify/protocol/types/Roles; annotation class 30
2025-11-17 07:35:38.833  9313-9387  s.polarrecorder         com.wboelens.polarrecorder           W  Unable to resolve Lcom/spotify/protocol/types/Roles; annotation class 30
2025-11-17 07:35:38.833  9313-9387  s.polarrecorder         com.wboelens.polarrecorder           W  Unable to resolve Lcom/spotify/protocol/types/Roles; annotation class 30
2025-11-17 07:35:38.833  9313-9387  s.polarrecorder         com.wboelens.polarrecorder           W  Unable to resolve Lcom/spotify/protocol/types/Roles; annotation class 30
2025-11-17 07:35:38.833  9313-9387  s.polarrecorder         com.wboelens.polarrecorder           W  Unable to resolve Lcom/spotify/protocol/types/Roles; annotation class 30
2025-11-17 07:35:38.846  9313-9313  CompatChangeReporter    com.wboelens.polarrecorder           D  Compat change id reported: 270674727; UID 10442; state: ENABLED
2025-11-17 07:35:39.113  9313-9313  s.polarrecorder         com.wboelens.polarrecorder           W  Unable to resolve Lcom/spotify/protocol/types/WelcomeDetails; annotation class 27
2025-11-17 07:35:39.114  9313-9313  s.polarrecorder         com.wboelens.polarrecorder           W  Unable to resolve Lcom/spotify/protocol/types/WelcomeDetails; annotation class 30
2025-11-17 07:35:39.114  9313-9313  s.polarrecorder         com.wboelens.polarrecorder           W  Unable to resolve Lcom/spotify/protocol/types/WelcomeDetails; annotation class 30
2025-11-17 07:35:39.180  9313-9313  s.polarrecorder         com.wboelens.polarrecorder           W  Unable to resolve Lcom/spotify/protocol/types/WelcomeDetails; annotation class 27
2025-11-17 07:35:39.181  9313-9313  s.polarrecorder         com.wboelens.polarrecorder           W  Unable to resolve Lcom/spotify/protocol/types/WelcomeDetails; annotation class 30
2025-11-17 07:35:39.181  9313-9313  s.polarrecorder         com.wboelens.polarrecorder           W  Unable to resolve Lcom/spotify/protocol/types/WelcomeDetails; annotation class 30
2025-11-17 07:35:39.326  9313-9313  s.polarrecorder         com.wboelens.polarrecorder           W  Unable to resolve Lcom/spotify/protocol/types/UserStatus; annotation class 27
2025-11-17 07:35:39.326  9313-9313  s.polarrecorder         com.wboelens.polarrecorder           W  Unable to resolve Lcom/spotify/protocol/types/UserStatus; annotation class 30
2025-11-17 07:35:39.326  9313-9313  s.polarrecorder         com.wboelens.polarrecorder           W  Unable to resolve Lcom/spotify/protocol/types/UserStatus; annotation class 30
2025-11-17 07:35:39.326  9313-9313  s.polarrecorder         com.wboelens.polarrecorder           W  Unable to resolve Lcom/spotify/protocol/types/UserStatus; annotation class 30
2025-11-17 07:35:39.326  9313-9313  s.polarrecorder         com.wboelens.polarrecorder           W  Unable to resolve Lcom/spotify/protocol/types/UserStatus; annotation class 30
2025-11-17 07:35:39.327  9313-9313  s.polarrecorder         com.wboelens.polarrecorder           W  Unable to resolve Lcom/spotify/protocol/types/UserStatus; annotation class 30
2025-11-17 07:35:39.327  9313-9313  s.polarrecorder         com.wboelens.polarrecorder           W  Unable to resolve Lcom/spotify/protocol/types/UserStatus; annotation class 30
2025-11-17 07:35:39.327  9313-9313  PolarManager            com.wboelens.polarrecorder           D  ========== onConnected CALLBACK ==========
2025-11-17 07:35:39.327  9313-9313  PolarManager            com.wboelens.polarrecorder           D  ✓ Connected to Spotify!
2025-11-17 07:35:39.327  9313-9313  PolarManager            com.wboelens.polarrecorder           D  Setting isConnectingToSpotify = false
2025-11-17 07:35:39.327  9313-9313  PolarManager            com.wboelens.polarrecorder           D  Setting spotifyAuthorized = true
2025-11-17 07:35:39.327  9313-9313  LogViewModel            com.wboelens.polarrecorder           D  Connected to Spotify!
2025-11-17 07:35:39.327  9313-9313  PolarManager            com.wboelens.polarrecorder           D  connected: Spotify connected
2025-11-17 07:35:39.327  9313-9313  SpotifyManager          com.wboelens.polarrecorder           D  Subscribed to Spotify player state
2025-11-17 07:35:39.327  9313-9313  PolarManager            com.wboelens.polarrecorder           D  ==========================================
2025-11-17 07:35:39.357  9313-9313  s.polarrecorder         com.wboelens.polarrecorder           W  Unable to resolve Lcom/spotify/protocol/types/UserStatus; annotation class 27
2025-11-17 07:35:39.357  9313-9313  s.polarrecorder         com.wboelens.polarrecorder           W  Unable to resolve Lcom/spotify/protocol/types/UserStatus; annotation class 30
2025-11-17 07:35:39.358  9313-9313  s.polarrecorder         com.wboelens.polarrecorder           W  Unable to resolve Lcom/spotify/protocol/types/UserStatus; annotation class 30
2025-11-17 07:35:39.358  9313-9313  s.polarrecorder         com.wboelens.polarrecorder           W  Unable to resolve Lcom/spotify/protocol/types/UserStatus; annotation class 30
2025-11-17 07:35:39.358  9313-9313  s.polarrecorder         com.wboelens.polarrecorder           W  Unable to resolve Lcom/spotify/protocol/types/UserStatus; annotation class 30
2025-11-17 07:35:39.358  9313-9313  s.polarrecorder         com.wboelens.polarrecorder           W  Unable to resolve Lcom/spotify/protocol/types/UserStatus; annotation class 30
2025-11-17 07:35:39.358  9313-9313  s.polarrecorder         com.wboelens.polarrecorder           W  Unable to resolve Lcom/spotify/protocol/types/UserStatus; annotation class 30
2025-11-17 07:35:39.358  9313-9313  SpotifyMonitorService   com.wboelens.polarrecorder           D  Connected to Spotify App Remote
2025-11-17 07:35:39.361  9313-9313  s.polarrecorder         com.wboelens.polarrecorder           W  Unable to resolve Lcom/spotify/protocol/types/PlayerState; annotation class 27
2025-11-17 07:35:39.362  9313-9313  s.polarrecorder         com.wboelens.polarrecorder           W  Unable to resolve Lcom/spotify/protocol/types/PlayerState; annotation class 30
2025-11-17 07:35:39.362  9313-9313  s.polarrecorder         com.wboelens.polarrecorder           W  Unable to resolve Lcom/spotify/protocol/types/PlayerState; annotation class 30
2025-11-17 07:35:39.362  9313-9313  s.polarrecorder         com.wboelens.polarrecorder           W  Unable to resolve Lcom/spotify/protocol/types/PlayerState; annotation class 30
2025-11-17 07:35:39.362  9313-9313  s.polarrecorder         com.wboelens.polarrecorder           W  Unable to resolve Lcom/spotify/protocol/types/PlayerState; annotation class 30
2025-11-17 07:35:39.362  9313-9313  s.polarrecorder         com.wboelens.polarrecorder           W  Unable to resolve Lcom/spotify/protocol/types/PlayerOptions; annotation class 27
2025-11-17 07:35:39.362  9313-9313  s.polarrecorder         com.wboelens.polarrecorder           W  Unable to resolve Lcom/spotify/protocol/types/PlayerOptions; annotation class 30
2025-11-17 07:35:39.363  9313-9313  s.polarrecorder         com.wboelens.polarrecorder           W  Unable to resolve Lcom/spotify/protocol/types/PlayerOptions; annotation class 30
2025-11-17 07:35:39.363  9313-9313  s.polarrecorder         com.wboelens.polarrecorder           W  Unable to resolve Lcom/spotify/protocol/types/PlayerOptions; annotation class 30
2025-11-17 07:35:39.363  9313-9313  s.polarrecorder         com.wboelens.polarrecorder           W  Unable to resolve Lcom/spotify/protocol/types/PlayerOptions; annotation class 30
2025-11-17 07:35:39.363  9313-9313  s.polarrecorder         com.wboelens.polarrecorder           W  Unable to resolve Lcom/spotify/protocol/types/PlayerState; annotation class 30
2025-11-17 07:35:39.363  9313-9313  s.polarrecorder         com.wboelens.polarrecorder           W  Unable to resolve Lcom/spotify/protocol/types/PlayerState; annotation class 30
2025-11-17 07:35:39.363  9313-9313  s.polarrecorder         com.wboelens.polarrecorder           W  Unable to resolve Lcom/spotify/protocol/types/PlayerState; annotation class 30
2025-11-17 07:35:39.363  9313-9313  s.polarrecorder         com.wboelens.polarrecorder           W  Unable to resolve Lcom/spotify/protocol/types/PlayerState; annotation class 30
2025-11-17 07:35:39.364  9313-9313  s.polarrecorder         com.wboelens.polarrecorder           W  Unable to resolve Lcom/spotify/protocol/types/PlayerRestrictions; annotation class 27
2025-11-17 07:35:39.364  9313-9313  s.polarrecorder         com.wboelens.polarrecorder           W  Unable to resolve Lcom/spotify/protocol/types/PlayerRestrictions; annotation class 30
2025-11-17 07:35:39.364  9313-9313  s.polarrecorder         com.wboelens.polarrecorder           W  Unable to resolve Lcom/spotify/protocol/types/PlayerRestrictions; annotation class 30
2025-11-17 07:35:39.364  9313-9313  s.polarrecorder         com.wboelens.polarrecorder           W  Unable to resolve Lcom/spotify/protocol/types/PlayerRestrictions; annotation class 30
2025-11-17 07:35:39.364  9313-9313  s.polarrecorder         com.wboelens.polarrecorder           W  Unable to resolve Lcom/spotify/protocol/types/PlayerRestrictions; annotation class 30
2025-11-17 07:35:39.364  9313-9313  s.polarrecorder         com.wboelens.polarrecorder           W  Unable to resolve Lcom/spotify/protocol/types/PlayerRestrictions; annotation class 30
2025-11-17 07:35:39.364  9313-9313  s.polarrecorder         com.wboelens.polarrecorder           W  Unable to resolve Lcom/spotify/protocol/types/PlayerRestrictions; annotation class 30
2025-11-17 07:35:39.365  9313-9313  s.polarrecorder         com.wboelens.polarrecorder           W  Unable to resolve Lcom/spotify/protocol/types/PlayerRestrictions; annotation class 30
2025-11-17 07:35:39.365  9313-9313  s.polarrecorder         com.wboelens.polarrecorder           W  Unable to resolve Lcom/spotify/protocol/types/PlayerRestrictions; annotation class 30
2025-11-17 07:35:39.365  9313-9313  s.polarrecorder         com.wboelens.polarrecorder           W  Unable to resolve Lcom/spotify/protocol/types/PlayerRestrictions; annotation class 30
2025-11-17 07:35:39.365  9313-9313  s.polarrecorder         com.wboelens.polarrecorder           W  Unable to resolve Lcom/spotify/protocol/types/PlayerRestrictions; annotation class 30
2025-11-17 07:35:39.365  9313-9313  s.polarrecorder         com.wboelens.polarrecorder           W  Unable to resolve Lcom/spotify/protocol/types/PlayerRestrictions; annotation class 30
2025-11-17 07:35:39.365  9313-9313  s.polarrecorder         com.wboelens.polarrecorder           W  Unable to resolve Lcom/spotify/protocol/types/PlayerRestrictions; annotation class 30
2025-11-17 07:35:39.365  9313-9313  s.polarrecorder         com.wboelens.polarrecorder           W  Unable to resolve Lcom/spotify/protocol/types/PlayerState; annotation class 30
2025-11-17 07:35:39.366  9313-9313  s.polarrecorder         com.wboelens.polarrecorder           W  Unable to resolve Lcom/spotify/protocol/types/PlayerState; annotation class 30
2025-11-17 07:35:39.366  9313-9313  s.polarrecorder         com.wboelens.polarrecorder           W  Unable to resolve Lcom/spotify/protocol/types/PlayerState; annotation class 30
2025-11-17 07:35:39.366  9313-9313  s.polarrecorder         com.wboelens.polarrecorder           W  Unable to resolve Lcom/spotify/protocol/types/PlayerState; annotation class 30
2025-11-17 07:35:39.366  9313-9313  s.polarrecorder         com.wboelens.polarrecorder           W  Unable to resolve Lcom/spotify/protocol/types/Track; annotation class 27
2025-11-17 07:35:39.366  9313-9313  s.polarrecorder         com.wboelens.polarrecorder           W  Unable to resolve Lcom/spotify/protocol/types/Track; annotation class 30
2025-11-17 07:35:39.366  9313-9313  s.polarrecorder         com.wboelens.polarrecorder           W  Unable to resolve Lcom/spotify/protocol/types/Track; annotation class 30
2025-11-17 07:35:39.367  9313-9313  s.polarrecorder         com.wboelens.polarrecorder           W  Unable to resolve Lcom/spotify/protocol/types/Album; annotation class 27
2025-11-17 07:35:39.367  9313-9313  s.polarrecorder         com.wboelens.polarrecorder           W  Unable to resolve Lcom/spotify/protocol/types/Album; annotation class 30
2025-11-17 07:35:39.367  9313-9313  s.polarrecorder         com.wboelens.polarrecorder           W  Unable to resolve Lcom/spotify/protocol/types/Album; annotation class 30
2025-11-17 07:35:39.367  9313-9313  s.polarrecorder         com.wboelens.polarrecorder           W  Unable to resolve Lcom/spotify/protocol/types/Album; annotation class 30
2025-11-17 07:35:39.367  9313-9313  s.polarrecorder         com.wboelens.polarrecorder           W  Unable to resolve Lcom/spotify/protocol/types/Album; annotation class 30
2025-11-17 07:35:39.367  9313-9313  s.polarrecorder         com.wboelens.polarrecorder           W  Unable to resolve Lcom/spotify/protocol/types/Track; annotation class 30
2025-11-17 07:35:39.368  9313-9313  s.polarrecorder         com.wboelens.polarrecorder           W  Unable to resolve Lcom/spotify/protocol/types/Track; annotation class 30
2025-11-17 07:35:39.368  9313-9313  s.polarrecorder         com.wboelens.polarrecorder           W  Unable to resolve Lcom/spotify/protocol/types/Artist; annotation class 27
2025-11-17 07:35:39.368  9313-9313  s.polarrecorder         com.wboelens.polarrecorder           W  Unable to resolve Lcom/spotify/protocol/types/Artist; annotation class 30
2025-11-17 07:35:39.368  9313-9313  s.polarrecorder         com.wboelens.polarrecorder           W  Unable to resolve Lcom/spotify/protocol/types/Artist; annotation class 30
2025-11-17 07:35:39.368  9313-9313  s.polarrecorder         com.wboelens.polarrecorder           W  Unable to resolve Lcom/spotify/protocol/types/Artist; annotation class 30
2025-11-17 07:35:39.368  9313-9313  s.polarrecorder         com.wboelens.polarrecorder           W  Unable to resolve Lcom/spotify/protocol/types/Artist; annotation class 30
2025-11-17 07:35:39.368  9313-9313  s.polarrecorder         com.wboelens.polarrecorder           W  Unable to resolve Lcom/spotify/protocol/types/Track; annotation class 30
2025-11-17 07:35:39.369  9313-9313  s.polarrecorder         com.wboelens.polarrecorder           W  Unable to resolve Lcom/spotify/protocol/types/Track; annotation class 30
2025-11-17 07:35:39.369  9313-9313  s.polarrecorder         com.wboelens.polarrecorder           W  Unable to resolve Lcom/spotify/protocol/types/Track; annotation class 30
2025-11-17 07:35:39.369  9313-9313  s.polarrecorder         com.wboelens.polarrecorder           W  Unable to resolve Lcom/spotify/protocol/types/Track; annotation class 30
2025-11-17 07:35:39.369  9313-9313  s.polarrecorder         com.wboelens.polarrecorder           W  Unable to resolve Lcom/spotify/protocol/types/Track; annotation class 30
2025-11-17 07:35:39.369  9313-9313  s.polarrecorder         com.wboelens.polarrecorder           W  Unable to resolve Lcom/spotify/protocol/types/Track; annotation class 30
2025-11-17 07:35:39.370  9313-9313  s.polarrecorder         com.wboelens.polarrecorder           W  Unable to resolve Lcom/spotify/protocol/types/Track; annotation class 30
2025-11-17 07:35:39.370  9313-9313  s.polarrecorder         com.wboelens.polarrecorder           W  Unable to resolve Lcom/spotify/protocol/types/Track; annotation class 30
2025-11-17 07:35:39.370  9313-9313  s.polarrecorder         com.wboelens.polarrecorder           W  Unable to resolve Lcom/spotify/protocol/types/Track; annotation class 30
2025-11-17 07:35:39.370  9313-9313  s.polarrecorder         com.wboelens.polarrecorder           W  Unable to resolve Lcom/spotify/protocol/types/Track; annotation class 30
2025-11-17 07:35:39.370  9313-9313  s.polarrecorder         com.wboelens.polarrecorder           W  Unable to resolve Lcom/spotify/protocol/types/Track; annotation class 30
2025-11-17 07:35:39.370  9313-9313  s.polarrecorder         com.wboelens.polarrecorder           W  Unable to resolve Lcom/spotify/protocol/types/Track; annotation class 30
2025-11-17 07:35:39.370  9313-9313  s.polarrecorder         com.wboelens.polarrecorder           W  Unable to resolve Lcom/spotify/protocol/types/Track; annotation class 30
2025-11-17 07:35:39.371  9313-9313  s.polarrecorder         com.wboelens.polarrecorder           W  Unable to resolve Lcom/spotify/protocol/types/Track; annotation class 30
2025-11-17 07:35:39.371  9313-9313  SpotifyManager          com.wboelens.polarrecorder           D  Track: Back In Black by AC/DC, isPaused: true, position: 4194, trackId: spotify:track:08mG3Y1vljYA6bvDt4Wqkj
2025-11-17 07:35:39.371  9313-9313  LogViewModel            com.wboelens.polarrecorder           D  Spotify: Back In Black by AC/DC - Paused
2025-11-17 07:35:39.376  9313-9313  s.polarrecorder         com.wboelens.polarrecorder           W  Unable to resolve Lcom/spotify/protocol/types/PlayerState; annotation class 27
2025-11-17 07:35:39.376  9313-9313  s.polarrecorder         com.wboelens.polarrecorder           W  Unable to resolve Lcom/spotify/protocol/types/PlayerState; annotation class 30
2025-11-17 07:35:39.377  9313-9313  s.polarrecorder         com.wboelens.polarrecorder           W  Unable to resolve Lcom/spotify/protocol/types/PlayerState; annotation class 30
2025-11-17 07:35:39.378  9313-9313  s.polarrecorder         com.wboelens.polarrecorder           W  Unable to resolve Lcom/spotify/protocol/types/PlayerState; annotation class 30
2025-11-17 07:35:39.378  9313-9313  s.polarrecorder         com.wboelens.polarrecorder           W  Unable to resolve Lcom/spotify/protocol/types/PlayerState; annotation class 30
2025-11-17 07:35:39.378  9313-9313  s.polarrecorder         com.wboelens.polarrecorder           W  Unable to resolve Lcom/spotify/protocol/types/PlayerOptions; annotation class 27
2025-11-17 07:35:39.379  9313-9313  s.polarrecorder         com.wboelens.polarrecorder           W  Unable to resolve Lcom/spotify/protocol/types/PlayerOptions; annotation class 30
2025-11-17 07:35:39.379  9313-9313  s.polarrecorder         com.wboelens.polarrecorder           W  Unable to resolve Lcom/spotify/protocol/types/PlayerOptions; annotation class 30
2025-11-17 07:35:39.379  9313-9313  s.polarrecorder         com.wboelens.polarrecorder           W  Unable to resolve Lcom/spotify/protocol/types/PlayerOptions; annotation class 30
2025-11-17 07:35:39.379  9313-9313  s.polarrecorder         com.wboelens.polarrecorder           W  Unable to resolve Lcom/spotify/protocol/types/PlayerOptions; annotation class 30
2025-11-17 07:35:39.379  9313-9313  s.polarrecorder         com.wboelens.polarrecorder           W  Unable to resolve Lcom/spotify/protocol/types/PlayerState; annotation class 30
2025-11-17 07:35:39.379  9313-9313  s.polarrecorder         com.wboelens.polarrecorder           W  Unable to resolve Lcom/spotify/protocol/types/PlayerState; annotation class 30
2025-11-17 07:35:39.379  9313-9313  s.polarrecorder         com.wboelens.polarrecorder           W  Unable to resolve Lcom/spotify/protocol/types/PlayerState; annotation class 30
2025-11-17 07:35:39.380  9313-9313  s.polarrecorder         com.wboelens.polarrecorder           W  Unable to resolve Lcom/spotify/protocol/types/PlayerState; annotation class 30
2025-11-17 07:35:39.380  9313-9313  s.polarrecorder         com.wboelens.polarrecorder           W  Unable to resolve Lcom/spotify/protocol/types/PlayerRestrictions; annotation class 27
2025-11-17 07:35:39.380  9313-9313  s.polarrecorder         com.wboelens.polarrecorder           W  Unable to resolve Lcom/spotify/protocol/types/PlayerRestrictions; annotation class 30
2025-11-17 07:35:39.380  9313-9313  s.polarrecorder         com.wboelens.polarrecorder           W  Unable to resolve Lcom/spotify/protocol/types/PlayerRestrictions; annotation class 30
2025-11-17 07:35:39.380  9313-9313  s.polarrecorder         com.wboelens.polarrecorder           W  Unable to resolve Lcom/spotify/protocol/types/PlayerRestrictions; annotation class 30
2025-11-17 07:35:39.380  9313-9313  s.polarrecorder         com.wboelens.polarrecorder           W  Unable to resolve Lcom/spotify/protocol/types/PlayerRestrictions; annotation class 30
2025-11-17 07:35:39.381  9313-9313  s.polarrecorder         com.wboelens.polarrecorder           W  Unable to resolve Lcom/spotify/protocol/types/PlayerRestrictions; annotation class 30
2025-11-17 07:35:39.381  9313-9313  s.polarrecorder         com.wboelens.polarrecorder           W  Unable to resolve Lcom/spotify/protocol/types/PlayerRestrictions; annotation class 30
2025-11-17 07:35:39.381  9313-9313  s.polarrecorder         com.wboelens.polarrecorder           W  Unable to resolve Lcom/spotify/protocol/types/PlayerRestrictions; annotation class 30
2025-11-17 07:35:39.381  9313-9313  s.polarrecorder         com.wboelens.polarrecorder           W  Unable to resolve Lcom/spotify/protocol/types/PlayerRestrictions; annotation class 30
2025-11-17 07:35:39.381  9313-9313  s.polarrecorder         com.wboelens.polarrecorder           W  Unable to resolve Lcom/spotify/protocol/types/PlayerRestrictions; annotation class 30
2025-11-17 07:35:39.381  9313-9313  s.polarrecorder         com.wboelens.polarrecorder           W  Unable to resolve Lcom/spotify/protocol/types/PlayerRestrictions; annotation class 30
2025-11-17 07:35:39.381  9313-9313  s.polarrecorder         com.wboelens.polarrecorder           W  Unable to resolve Lcom/spotify/protocol/types/PlayerRestrictions; annotation class 30
2025-11-17 07:35:39.381  9313-9313  s.polarrecorder         com.wboelens.polarrecorder           W  Unable to resolve Lcom/spotify/protocol/types/PlayerRestrictions; annotation class 30
2025-11-17 07:35:39.382  9313-9313  s.polarrecorder         com.wboelens.polarrecorder           W  Unable to resolve Lcom/spotify/protocol/types/PlayerState; annotation class 30
2025-11-17 07:35:39.382  9313-9313  s.polarrecorder         com.wboelens.polarrecorder           W  Unable to resolve Lcom/spotify/protocol/types/PlayerState; annotation class 30
2025-11-17 07:35:39.382  9313-9313  s.polarrecorder         com.wboelens.polarrecorder           W  Unable to resolve Lcom/spotify/protocol/types/PlayerState; annotation class 30
2025-11-17 07:35:39.382  9313-9313  s.polarrecorder         com.wboelens.polarrecorder           W  Unable to resolve Lcom/spotify/protocol/types/PlayerState; annotation class 30
2025-11-17 07:35:39.382  9313-9313  s.polarrecorder         com.wboelens.polarrecorder           W  Unable to resolve Lcom/spotify/protocol/types/Track; annotation class 27
2025-11-17 07:35:39.382  9313-9313  s.polarrecorder         com.wboelens.polarrecorder           W  Unable to resolve Lcom/spotify/protocol/types/Track; annotation class 30
2025-11-17 07:35:39.383  9313-9313  s.polarrecorder         com.wboelens.polarrecorder           W  Unable to resolve Lcom/spotify/protocol/types/Track; annotation class 30
2025-11-17 07:35:39.383  9313-9313  s.polarrecorder         com.wboelens.polarrecorder           W  Unable to resolve Lcom/spotify/protocol/types/Album; annotation class 27
2025-11-17 07:35:39.383  9313-9313  s.polarrecorder         com.wboelens.polarrecorder           W  Unable to resolve Lcom/spotify/protocol/types/Album; annotation class 30
2025-11-17 07:35:39.383  9313-9313  s.polarrecorder         com.wboelens.polarrecorder           W  Unable to resolve Lcom/spotify/protocol/types/Album; annotation class 30
2025-11-17 07:35:39.383  9313-9313  s.polarrecorder         com.wboelens.polarrecorder           W  Unable to resolve Lcom/spotify/protocol/types/Album; annotation class 30
2025-11-17 07:35:39.383  9313-9313  s.polarrecorder         com.wboelens.polarrecorder           W  Unable to resolve Lcom/spotify/protocol/types/Album; annotation class 30
2025-11-17 07:35:39.384  9313-9313  s.polarrecorder         com.wboelens.polarrecorder           W  Unable to resolve Lcom/spotify/protocol/types/Track; annotation class 30
2025-11-17 07:35:39.384  9313-9313  s.polarrecorder         com.wboelens.polarrecorder           W  Unable to resolve Lcom/spotify/protocol/types/Track; annotation class 30
2025-11-17 07:35:39.384  9313-9313  s.polarrecorder         com.wboelens.polarrecorder           W  Unable to resolve Lcom/spotify/protocol/types/Artist; annotation class 27
2025-11-17 07:35:39.384  9313-9313  s.polarrecorder         com.wboelens.polarrecorder           W  Unable to resolve Lcom/spotify/protocol/types/Artist; annotation class 30
2025-11-17 07:35:39.384  9313-9313  s.polarrecorder         com.wboelens.polarrecorder           W  Unable to resolve Lcom/spotify/protocol/types/Artist; annotation class 30
2025-11-17 07:35:39.384  9313-9313  s.polarrecorder         com.wboelens.polarrecorder           W  Unable to resolve Lcom/spotify/protocol/types/Artist; annotation class 30
2025-11-17 07:35:39.384  9313-9313  s.polarrecorder         com.wboelens.polarrecorder           W  Unable to resolve Lcom/spotify/protocol/types/Artist; annotation class 30
